// Vitest Snapshot v1, https://vitest.dev/guide/snapshot.html

exports[`Reading Changelog > Valid Changelog 1`] = `
{
  "data": "## [5.0.0] - 2024-03-02

- chore: bump deps
- fix: read changelog in tag with \`@\` case

",
  "success": true,
}
`;

exports[`Reading Changelog > Valid Changelog 2`] = `
{
  "data": "## [1.0.0] - 2021-09-27

- Initial release

Below are used for testing

",
  "success": true,
}
`;
